---
source: crates/pfp-server/tests/headers.rs
expression: throttled.header_snapshot()
---
status: 429
content-type: application/json
content-length: 106
content-security-policy: default-src 'none'; script-src 'self'; style-src 'self'; img-src 'self' data:; connect-src 'self'; font-src 'self'; frame-ancestors 'none'; base-uri 'none'; form-action 'none'
cross-origin-opener-policy: same-origin
cross-origin-resource-policy: same-origin
x-content-type-options: nosniff
referrer-policy: no-referrer
cache-control: no-store
connection: close
date: <date>
